// Jest Snapshot v1, https://goo.gl/fbAQLP

exports[`renders correctly  1`] = `
<div>
  <button
    onClick={[Function]}
  >
    0
  </button>
  <br />
  <button
    onClick={[Function]}
  >
    0
  </button>
  <br />
  <button
    onClick={[Function]}
  >
    0
  </button>
  <br />
  <button
    onClick={[Function]}
  >
    Validate
  </button>
</div>
`;
